[qantumthemes.xyz/onair2/demo/index.html]
[backblue.gif]
[fade.gif]
[index.html]
[qantumthemes.xyz/onair2/demo/fonts/dripicons/webfont.css]
[qantumthemes.xyz/onair2/demo/fonts/qticons/qticons.css]
[qantumthemes.xyz/onair2/demo/components/slick/slick.css]
[qantumthemes.xyz/onair2/demo/components/swipebox/src/css/swipebox.min.css]
[qantumthemes.xyz/onair2/demo/components/countdown/css/jquery.classycountdown.css]
[qantumthemes.xyz/onair2/demo/components/soundmanager/templates/qtradio-player/css/flashblock.css]
[qantumthemes.xyz/onair2/demo/components/soundmanager/templates/qtradio-player/css/qt-360player-volume.css]
[qantumthemes.xyz/onair2/demo/css/qt-main.css]
[qantumthemes.xyz/onair2/demo/css/qt-typography.css]
[qantumthemes.xyz/onair2/demo/page-contacts.html]
[qantumthemes.xyz/onair2/demo/page-schedule.html]
[qantumthemes.xyz/onair2/demo/single-show.html]
[qantumthemes.xyz/onair2/demo/archive-podcast.html]
[qantumthemes.xyz/onair2/demo/single-podcast.html]
[qantumthemes.xyz/onair2/demo/archive-members.html]
[qantumthemes.xyz/onair2/demo/single-member.html]
[qantumthemes.xyz/onair2/demo/archive.html]
[qantumthemes.xyz/onair2/demo/single-post.html]
[qantumthemes.xyz/onair2/demo/archive-chart.html]
[qantumthemes.xyz/onair2/demo/single-chart.html]
[qantumthemes.xyz/onair2/demo/archive-events.html]
[qantumthemes.xyz/onair2/demo/single-event.html]
[qantumthemes.xyz/onair2/demo/page-popup.html]
[qantumthemes.xyz/onair2/demo/index-2.html]
[qantumthemes.xyz/onair2/demo/imagestemplate/large-1170-512/unsplash-10.jpg]
[qantumthemes.xyz/onair2/demo/imagestemplate/large-1170-512/unsplash-28.jpg]
[qantumthemes.xyz/onair2/demo/imagestemplate/large-1170-512/unsplash-29.jpg]
[qantumthemes.xyz/onair2/demo/imagestemplate/large-1170-512/unsplash-31.jpg]
[qantumthemes.xyz/onair2/demo/imagestemplate/medium-690-302/unsplash-42.jpg]
[qantumthemes.xyz/onair2/demo/imagestemplate/medium-690-302/unsplash-45.jpg]
[qantumthemes.xyz/onair2/demo/imagestemplate/medium-690-302/unsplash-40.jpg]
[qantumthemes.xyz/onair2/demo/imagestemplate/medium-690-302/unsplash-41.jpg]
[qantumthemes.xyz/onair2/demo/imagestemplate/medium-690-302/unsplash-39.jpg]
[qantumthemes.xyz/onair2/demo/imagestemplate/medium-690-302/unsplash-38.jpg]
[qantumthemes.xyz/onair2/demo/imagestemplate/medium-690-302/unsplash-43.jpg]
[qantumthemes.xyz/onair2/demo/imagestemplate/large-1170-512/unsplash-30.jpg]
[qantumthemes.xyz/onair2/demo/imagestemplate/author-thumbnail.jpg]
[qantumthemes.xyz/onair2/demo/imagestemplate/medium-690-302/unsplash-07.jpg]
[qantumthemes.xyz/onair2/demo/imagestemplate/medium-690-302/unsplash-04.jpg]
[qantumthemes.xyz/onair2/demo/imagestemplate/medium-690-302/unsplash-17.jpg]
[qantumthemes.xyz/onair2/demo/imagestemplate/medium-690-302/unsplash-12.jpg]
[qantumthemes.xyz/onair2/demo/imagestemplate/large-1170-512/unsplash-20.jpg]
[qantumthemes.xyz/onair2/demo/imagestemplate/medium-690-302/unsplash-08.jpg]
[qantumthemes.xyz/onair2/demo/imagestemplate/medium-690-302/unsplash-15.jpg]
[qantumthemes.xyz/onair2/demo/imagestemplate/medium-690-302/unsplash-03.jpg]
[qantumthemes.xyz/onair2/demo/imagestemplate/thumb-170-170/unsplash-01.jpg]
[qantumthemes.xyz/onair2/demo/imagestemplate/thumb-170-170/unsplash-22.jpg]
[qantumthemes.xyz/onair2/demo/imagestemplate/thumb-170-170/unsplash-03.jpg]
[qantumthemes.xyz/onair2/demo/imagestemplate/full-1600-700/unsplash-21.jpg]
[qantumthemes.xyz/onair2/demo/imagestemplate/sponsor.png]
[qantumthemes.xyz/onair2/demo/imagestemplate/footer-bg.jpg]
[qantumthemes.xyz/onair2/demo/imagestemplate/full-1600-700/unsplash-44.jpg]
[qantumthemes.xyz/onair2/demo/imagestemplate/radio-logo.png]
[qantumthemes.xyz/onair2/demo/js/modernizr-2.8.3-respond-1.4.2.min.js]
[qantumthemes.xyz/onair2/demo/js/jquery.js]
[qantumthemes.xyz/onair2/demo/js/jquery-migrate.min.js]
[qantumthemes.xyz/onair2/demo/js/materializecss/bin/materialize.min.js]
[qantumthemes.xyz/onair2/demo/js/jquerycookie.js]
[qantumthemes.xyz/onair2/demo/components/slick/slick.min.js]
[qantumthemes.xyz/onair2/demo/components/skrollr/skrollr.min.js]
[qantumthemes.xyz/onair2/demo/components/swipebox/lib/ios-orientationchange-fix.js]
[qantumthemes.xyz/onair2/demo/components/swipebox/src/js/jquery.swipebox.min.js]
[qantumthemes.xyz/onair2/demo/components/countdown/js/jquery.knob.js]
[qantumthemes.xyz/onair2/demo/components/countdown/js/jquery.throttle.js]
[qantumthemes.xyz/onair2/demo/components/countdown/js/jquery.classycountdown.min.js]
[qantumthemes.xyz/onair2/demo/components/soundmanager/script/berniecode-animator.js]
[qantumthemes.xyz/onair2/demo/components/soundmanager/script/soundmanager2-nodebug.js]
[qantumthemes.xyz/onair2/demo/components/soundmanager/script/shoutcast.js]
[qantumthemes.xyz/onair2/demo/components/soundmanager/templates/qtradio-player/script/qt-360player-volumecontroller.js]
[qantumthemes.xyz/onair2/demo/components/popup/popup.js]
[qantumthemes.xyz/onair2/demo/index.html]
[qantumthemes.xyz/onair2/demo/js/qt-main.js]
[qantumthemes.xyz/onair2/demo/fonts/dripicons/fonts/dripicons-v2.eot]
[qantumthemes.xyz/onair2/demo/fonts/dripicons/fonts/dripicons-v2d41d.eot]
[qantumthemes.xyz/onair2/demo/fonts/dripicons/fonts/dripicons-v2.woff]
[qantumthemes.xyz/onair2/demo/fonts/dripicons/fonts/dripicons-v2.ttf]
[qantumthemes.xyz/onair2/demo/fonts/dripicons/webfont.css]
[qantumthemes.xyz/onair2/demo/fonts/dripicons/fonts/dripicons-v2.svg]
[qantumthemes.xyz/onair2/demo/fonts/qticons/qticons.eot]
[qantumthemes.xyz/onair2/demo/fonts/qticons/qticonsd41d.eot]
[qantumthemes.xyz/onair2/demo/fonts/qticons/qticons.woff]
[qantumthemes.xyz/onair2/demo/fonts/qticons/qticons.ttf]
[qantumthemes.xyz/onair2/demo/fonts/qticons/qticons.css]
[qantumthemes.xyz/onair2/demo/components/slick/slick.css]
[qantumthemes.xyz/onair2/demo/fonts/qticons/qticons.svg]
[qantumthemes.xyz/onair2/demo/components/swipebox/src/img/loader.gif]
[qantumthemes.xyz/onair2/demo/components/swipebox/src/img/icons.png]
[qantumthemes.xyz/onair2/demo/components/swipebox/src/css/swipebox.min.css]
[qantumthemes.xyz/onair2/demo/components/countdown/css/jquery.classycountdown.css]
[qantumthemes.xyz/onair2/demo/components/soundmanager/templates/qtradio-player/css/flashblock.css]
[qantumthemes.xyz/onair2/demo/components/soundmanager/templates/qtradio-player/icon_loading_spinner.gif]
[qantumthemes.xyz/onair2/demo/components/soundmanager/templates/qtradio-player/css/qt-360player-volume.css]
[qantumthemes.xyz/onair2/demo/css/qt-main.css]
[qantumthemes.xyz/onair2/demo/css/qt-typography.css]
[qantumthemes.xyz/onair2/demo/imagestemplate/full-1600-700/unsplash-24.jpg]
[qantumthemes.xyz/onair2/demo/page-contacts.html]
[qantumthemes.xyz/onair2/demo/imagestemplate/full-1600-700/unsplash-01-1600-530.jpg]
[qantumthemes.xyz/onair2/demo/imagestemplate/large-1170-512/unsplash-06.jpg]
[qantumthemes.xyz/onair2/demo/imagestemplate/medium-690-302/unsplash-36.jpg]
[qantumthemes.xyz/onair2/demo/imagestemplate/medium-690-302/unsplash-44.jpg]
[qantumthemes.xyz/onair2/demo/imagestemplate/full-1600-700/unsplash-42.jpg]
[qantumthemes.xyz/onair2/demo/page-schedule.html]
[qantumthemes.xyz/onair2/demo/love-action]
[qantumthemes.xyz/onair2/demo/imagestemplate/squared-690-690/unsplash-37.jpg]
[qantumthemes.xyz/onair2/demo/imagestemplate/squared-690-690/unsplash-35.jpg]
[qantumthemes.xyz/onair2/demo/imagestemplate/squared-690-690/unsplash-25.jpg]
[qantumthemes.xyz/onair2/demo/imagestemplate/squared-690-690/unsplash-22.jpg]
[qantumthemes.xyz/onair2/demo/imagestemplate/squared-690-690/unsplash-27.jpg]
[qantumthemes.xyz/onair2/demo/imagestemplate/squared-690-690/unsplash-44.jpg]
[qantumthemes.xyz/onair2/demo/imagestemplate/medium-690-302/unsplash-14.jpg]
[qantumthemes.xyz/onair2/demo/imagestemplate/medium-690-302/unsplash-16.jpg]
[qantumthemes.xyz/onair2/demo/imagestemplate/medium-690-302/unsplash-24.jpg]
[qantumthemes.xyz/onair2/demo/imagestemplate/medium-690-302/unsplash-33.jpg]
[qantumthemes.xyz/onair2/demo/imagestemplate/medium-690-302/unsplash-37.jpg]
[qantumthemes.xyz/onair2/demo/single-show.html]
[qantumthemes.xyz/onair2/demo/imagestemplate/full-1600-700/unsplash-26.jpg]
[qantumthemes.xyz/onair2/demo/imagestemplate/squared-690-690/unsplash-29.jpg]
[qantumthemes.xyz/onair2/demo/imagestemplate/squared-690-690/unsplash-02.jpg]
[qantumthemes.xyz/onair2/demo/imagestemplate/squared-690-690/unsplash-17.jpg]
[qantumthemes.xyz/onair2/demo/imagestemplate/squared-690-690/unsplash-19.jpg]
[qantumthemes.xyz/onair2/demo/imagestemplate/squared-690-690/unsplash-20.jpg]
[qantumthemes.xyz/onair2/demo/archive-podcast.html]
[qantumthemes.xyz/onair2/demo/imagestemplate/full-1600-700/unsplash-12.jpg]
[qantumthemes.xyz/onair2/demo/imagestemplate/medium-690-302/unsplash-25.jpg]
[qantumthemes.xyz/onair2/demo/imagestemplate/thumbnail-200-110.jpg]
[qantumthemes.xyz/onair2/demo/single-podcast.php]
[qantumthemes.xyz/onair2/demo/imagestemplate/medium-690-302/unsplash-31.jpg]
[qantumthemes.xyz/onair2/demo/imagestemplate/medium-690-302/unsplash-09.jpg]
[qantumthemes.xyz/onair2/demo/single-podcast.html]
[qantumthemes.xyz/onair2/demo/single-member.php]
[qantumthemes.xyz/onair2/demo/imagestemplate/medium-690-302/unsplash-02.jpg]
[qantumthemes.xyz/onair2/demo/imagestemplate/medium-690-302/unsplash-23.jpg]
[qantumthemes.xyz/onair2/demo/imagestemplate/medium-690-302/unsplash-06.jpg]
[qantumthemes.xyz/onair2/demo/imagestemplate/medium-690-302/unsplash-26.jpg]
[qantumthemes.xyz/onair2/demo/imagestemplate/medium-690-302/unsplash-32.jpg]
[qantumthemes.xyz/onair2/demo/archive-members.html]
[qantumthemes.xyz/onair2/demo/imagestemplate/full-1600-700/unsplash-04.jpg]
[qantumthemes.xyz/onair2/demo/imagestemplate/large-1170-512/unsplash-14.jpg]
[qantumthemes.xyz/onair2/demo/single-member.html]
[qantumthemes.xyz/onair2/demo/imagestemplate/full-1600-700/unsplash-27.jpg]
[qantumthemes.xyz/onair2/demo/imagestemplate/medium-690-302/unsplash-11.jpg]
[qantumthemes.xyz/onair2/demo/imagestemplate/medium-690-302/unsplash-28.jpg]
[qantumthemes.xyz/onair2/demo/archive.html]
[qantumthemes.xyz/onair2/demo/imagestemplate/full-1600-700/unsplash-32.jpg]
[qantumthemes.xyz/onair2/demo/imagestemplate/medium-690-302/unsplash-18.jpg]
[qantumthemes.xyz/onair2/demo/single-post.html]
[qantumthemes.xyz/onair2/demo/imagestemplate/full-1600-700/unsplash-33.jpg]
[qantumthemes.xyz/onair2/demo/imagestemplate/squared-690-690/unsplash-01.jpg]
[qantumthemes.xyz/onair2/demo/imagestemplate/squared-690-690/unsplash-11.jpg]
[qantumthemes.xyz/onair2/demo/imagestemplate/squared-690-690/unsplash-12.jpg]
[qantumthemes.xyz/onair2/demo/imagestemplate/squared-690-690/unsplash-13.jpg]
[qantumthemes.xyz/onair2/demo/imagestemplate/squared-690-690/unsplash-14.jpg]
[qantumthemes.xyz/onair2/demo/archive-chart.html]
[qantumthemes.xyz/onair2/demo/imagestemplate/full-1600-700/unsplash-23.jpg]
[qantumthemes.xyz/onair2/demo/imagestemplate/thumb-170-170/unsplash-28.jpg]
[qantumthemes.xyz/onair2/demo/imagestemplate/thumb-170-170/unsplash-02.jpg]
[qantumthemes.xyz/onair2/demo/imagestemplate/thumb-170-170/unsplash-17.jpg]
[qantumthemes.xyz/onair2/demo/imagestemplate/thumb-170-170/unsplash-25.jpg]
[qantumthemes.xyz/onair2/demo/imagestemplate/thumb-170-170/unsplash-08.jpg]
[qantumthemes.xyz/onair2/demo/imagestemplate/thumb-170-170/unsplash-13.jpg]
[qantumthemes.xyz/onair2/demo/imagestemplate/thumb-170-170/unsplash-32.jpg]
[qantumthemes.xyz/onair2/demo/single-chart.html]
[qantumthemes.xyz/onair2/demo/imagestemplate/full-1600-700/unsplash-07.jpg]
[qantumthemes.xyz/onair2/demo/imagestemplate/squared-690-690/unsplash-16.jpg]
[qantumthemes.xyz/onair2/demo/imagestemplate/squared-690-690/unsplash-18.jpg]
[qantumthemes.xyz/onair2/demo/imagestemplate/squared-690-690/unsplash-24.jpg]
[qantumthemes.xyz/onair2/demo/imagestemplate/squared-690-690/unsplash-23.jpg]
[qantumthemes.xyz/onair2/demo/archive-events.html]
[qantumthemes.xyz/onair2/demo/imagestemplate/medium-690-302/unsplash-20.jpg]
[qantumthemes.xyz/onair2/demo/single-event.html]
[qantumthemes.xyz/onair2/demo/page-popup.html]
[qantumthemes.xyz/onair2/demo/index-2.html]
[qantumthemes.xyz/onair2/demo/fonts/dripicons/fonts/dripicons-v2.svg]
[qantumthemes.xyz/onair2/demo/fonts/qticons/qticons.svg]
[qantumthemes.xyz/onair2/demo/love-action.html]
[qantumthemes.xyz/onair2/demo/single-podcast-2.html]
[qantumthemes.xyz/onair2/demo/single-member-2.html]
